[headcorn.ae/index.html]
[backblue.gif]
[fade.gif]
[index.html]
[static.tildacdn.one/tild3362-3230-4163-a536-613730636137/preview_01.jpg]
[static.tildacdn.one/tild6566-6438-4730-b438-616338393632/FAAAAVICOON.ico]
[static.tildacdn.one/tild3661-3630-4533-a133-666364353236/favicon.ico]
[static.tildacdn.one/tild3262-6637-4633-a139-396332663463/favicon_apple.png]
[neo.tildacdn.com/js/tilda-fallback-1.0.min.js]
[static.tildacdn.one/css/tilda-grid-3.0.min.css]
[static.tildacdn.one/ws/project7960382/tilda-blocks-page42010122.min9412.css]
[static.tildacdn.one/css/tilda-animation-2.0.min.css]
[static.tildacdn.one/css/tilda-popup-1.1.min.css]
[static.tildacdn.one/css/tilda-forms-1.0.min.css]
[static.tildacdn.one/js/tilda-polyfill-1.0.min.js]
[static.tildacdn.one/js/jquery-1.10.2.min.js]
[static.tildacdn.one/js/tilda-scripts-3.0.min.js]
[headcorn.ae/OPR/index.html]
[static.tildacdn.one/ws/project7960382/tilda-blocks-page42010122.min9412.js]
[static.tildacdn.one/js/tilda-lazyload-1.0.min.js]
[static.tildacdn.one/js/tilda-animation-2.0.min.js]
[static.tildacdn.one/js/tilda-zero-1.1.min.js]
[static.tildacdn.one/js/tilda-popup-1.0.min.js]
[static.tildacdn.one/js/tilda-forms-1.0.min.js]
[static.tildacdn.one/js/tilda-video-1.0.min.js]
[static.tildacdn.one/js/tilda-video-processor-1.0.min.js]
[static.tildacdn.one/js/tilda-menu-1.0.min.js]
[static.tildacdn.one/js/tilda-animation-sbs-1.0.min.js]
[static.tildacdn.one/js/tilda-zero-scale-1.0.min.js]
[static.tildacdn.one/js/tilda-zero-fixed-1.0.min.js]
[static.tildacdn.one/js/tilda-skiplink-1.0.min.js]
[static.tildacdn.one/js/tilda-events-1.0.min.js]
[connect.facebook.net/en_US/fbevents.js]
[static.tildacdn.one/tild3434-3439-4435-b338-313534363932/Group_39926.png]
[static.tildacdn.one/tild3233-6261-4164-b038-323239303836/Group_399261.png]
[thb.tildacdn.one/tild6261-3664-4263-b537-316366393234/-/resizeb/20x/icons8-whatsapp-481.png]
[mc.yandex.ru/metrika/tag.js]
[static.tildacdn.one/js/tilda-stat-1.0.min.js]
[headcorn.ae/index.html]
[ws.tildacdn.com/index.html]
[static.tildacdn.one/index.html]
[fonts.googleapis.com/css27b1b.css]
[headcorn.ae/OPR/index.html]
[www.facebook.com/trce45]
[static.tildacdn.one/js/tilda-polyfill-1.0.min.js]
[static.tildacdn.one/js/jquery-1.10.2.min.js]
[static.tildacdn.one/js/tilda-scripts-3.0.min.js]
[static.tildacdn.one/ws/project7960382/tilda-blocks-page42010122.min9412.js]
[static.tildacdn.one/js/tilda-lazyload-1.0.min.js]
[neo.tildacdn.com/js/tilda-fallback-1.0.min.js]
[static.tildacdn.one/js/tilda-animation-2.0.min.js]
[static.tildacdn.one/js/tilda-zero-1.1.min.js]
[static.tildacdn.one/js/tilda-popup-1.0.min.js]
[static.tildacdn.one/js/tilda-video-1.0.min.js]
[static.tildacdn.one/js/tilda-forms-1.0.min.js]
[static.tildacdn.one/js/tilda-video-processor-1.0.min.js]
[static.tildacdn.one/js/tilda-menu-1.0.min.js]
[static.tildacdn.one/js/tilda-animation-sbs-1.0.min.js]
[static.tildacdn.one/js/tilda-zero-scale-1.0.min.js]
[static.tildacdn.one/js/tilda-zero-fixed-1.0.min.js]
[static.tildacdn.one/js/tilda-events-1.0.min.js]
[mc.yandex.ru/metrika/tag.js]
[static.tildacdn.one/js/tilda-stat-1.0.min.js]
[static.tildacdn.one/css/tilda-grid-3.0.min.css]
[static.tildacdn.one/ws/project7960382/tilda-blocks-page42010122.min9412.css]
[static.tildacdn.one/css/tilda-animation-2.0.min.css]
[static.tildacdn.one/css/tilda-popup-1.1.min.css]
[static.tildacdn.one/css/tilda-forms-1.0.min.css]
[headcorn.ae/OPR/index.html]
[www.googletagmanager.com/gtm5445.html]
[static.tildacdn.one/tild6566-6438-4730-b438-616338393632/FAAAAVICOON.ico]
[static.tildacdn.one/tild3434-3439-4435-b338-313534363932/Group_39926.png]
[static.tildacdn.one/tild3233-6261-4164-b038-323239303836/Group_399261.png]
[headcorn.ae/a.25.delayed]
[headcorn.ae/POST.26.delayed]
[headcorn.ae/schema.org/index.html]
[headcorn.ae/b.27.delayed]
[headcorn.ae/signals/iwl.28.delayed]
[connect.facebook.net/en_US/fbevents.js]
[headcorn.ae/a.html]
[headcorn.ae/POST.html]
[headcorn.ae/schema.org/index.html]
[headcorn.ae/b.html]
[headcorn.ae/signals/iwl.html]
